V |                      | ArgumentsFromParametersFile.OnBuildCreated (150)
V |                      | HandleReSharperSurrogateArguments.OnBuildCreated (150)
V |                      | InjectParameterValues.OnBuildCreated (100)
V |                      | HandleShellCompletion.OnBuildCreated (75)
V |                      | GenerateBuildServerConfigurations.OnBuildCreated (50)
V |                      | InvokeBuildServerConfigurationGeneration.OnBuildCreated (45)
V |                      | UpdateNotification.OnBuildCreated (10)
V |                      | UnsetVisualStudioEnvironmentVariables.OnBuildCreated (0)
V |                      | HandleVisualStudioDebugging.OnBuildCreated (0)
V |                      | EventInvoker.OnBuildCreated (-3.4028235E+38)
V |                      | SerializeBuildGraph.OnBuildInitialized (20)
V |                      | HandlePlanRequests.OnBuildInitialized (10)
V |                      | HandleHelpRequests.OnBuildInitialized (5)
V |                      | InjectNonParameterValues.OnBuildInitialized (-100)
V |                      | EventInvoker.OnBuildInitialized (-3.4028235E+38)
V | Clean                | EventInvoker.OnTargetRunning (-3.4028235E+38)
V | Clean                | EventInvoker.OnTargetSucceeded (-3.4028235E+38)
V | Restore              | EventInvoker.OnTargetRunning (-3.4028235E+38)
I | Restore              | > "C:\Program Files\dotnet\dotnet.exe" restore D:\Github\Erp-For-Factory-Games\CaptainOfIndustry\CaptainOfIndustry.slnx
V | Restore              | @ D:\Github\Erp-For-Factory-Games\CaptainOfIndustry
D | Restore              |   Determining projects to restore...
D | Restore              |   All projects are up-to-date for restore.
V | Restore              | EventInvoker.OnTargetSucceeded (-3.4028235E+38)
V | Compile              | EventInvoker.OnTargetRunning (-3.4028235E+38)
I | Compile              | > "C:\Program Files\dotnet\dotnet.exe" build D:\Github\Erp-For-Factory-Games\CaptainOfIndustry\CaptainOfIndustry.slnx --configuration Release --no-restore
V | Compile              | @ D:\Github\Erp-For-Factory-Games\CaptainOfIndustry
D | Compile              | C:\Program Files\dotnet\sdk\11.0.100-preview.6.26359.118\Sdks\Microsoft.NET.Sdk\targets\Microsoft.NET.RuntimeIdentifierInference.targets(385,5): message NETSDK1057: You are using a preview version of .NET. See: https://aka.ms/dotnet-support-policy [D:\Github\Erp-For-Factory-Games\CaptainOfIndustry\test\Application\ErpForFactoryGames.CaptainOfIndustry.Application.Tests\ErpForFactoryGames.CaptainOfIndustry.Application.Tests.csproj]
D | Compile              | C:\Program Files\dotnet\sdk\11.0.100-preview.6.26359.118\Sdks\Microsoft.NET.Sdk\targets\Microsoft.NET.RuntimeIdentifierInference.targets(385,5): message NETSDK1057: You are using a preview version of .NET. See: https://aka.ms/dotnet-support-policy [D:\Github\Erp-For-Factory-Games\CaptainOfIndustry\test\Infrastructure\ErpForFactoryGames.CaptainOfIndustry.Infrastructure.Tests\ErpForFactoryGames.CaptainOfIndustry.Infrastructure.Tests.csproj]
D | Compile              | C:\Program Files\dotnet\sdk\11.0.100-preview.6.26359.118\Sdks\Microsoft.NET.Sdk\targets\Microsoft.NET.RuntimeIdentifierInference.targets(385,5): message NETSDK1057: You are using a preview version of .NET. See: https://aka.ms/dotnet-support-policy [D:\Github\Erp-For-Factory-Games\CaptainOfIndustry\src\Presentation\ErpForFactoryGames.CaptainOfIndustry.Presentation.Cli\ErpForFactoryGames.CaptainOfIndustry.Presentation.Cli.csproj]
D | Compile              | C:\Program Files\dotnet\sdk\11.0.100-preview.6.26359.118\Sdks\Microsoft.NET.Sdk\targets\Microsoft.NET.RuntimeIdentifierInference.targets(385,5): message NETSDK1057: You are using a preview version of .NET. See: https://aka.ms/dotnet-support-policy [D:\Github\Erp-For-Factory-Games\CaptainOfIndustry\src\Infrastructure\ErpForFactoryGames.CaptainOfIndustry.Infrastructure\ErpForFactoryGames.CaptainOfIndustry.Infrastructure.csproj]
D | Compile              | C:\Program Files\dotnet\sdk\11.0.100-preview.6.26359.118\Sdks\Microsoft.NET.Sdk\targets\Microsoft.NET.RuntimeIdentifierInference.targets(385,5): message NETSDK1057: You are using a preview version of .NET. See: https://aka.ms/dotnet-support-policy [D:\Github\Erp-For-Factory-Games\CaptainOfIndustry\test\Domain\ErpForFactoryGames.CaptainOfIndustry.Domain.Tests\ErpForFactoryGames.CaptainOfIndustry.Domain.Tests.csproj]
D | Compile              | C:\Program Files\dotnet\sdk\11.0.100-preview.6.26359.118\Sdks\Microsoft.NET.Sdk\targets\Microsoft.NET.RuntimeIdentifierInference.targets(385,5): message NETSDK1057: You are using a preview version of .NET. See: https://aka.ms/dotnet-support-policy [D:\Github\Erp-For-Factory-Games\CaptainOfIndustry\src\Domain\ErpForFactoryGames.CaptainOfIndustry.Domain\ErpForFactoryGames.CaptainOfIndustry.Domain.csproj]
D | Compile              | C:\Program Files\dotnet\sdk\11.0.100-preview.6.26359.118\Sdks\Microsoft.NET.Sdk\targets\Microsoft.NET.RuntimeIdentifierInference.targets(385,5): message NETSDK1057: You are using a preview version of .NET. See: https://aka.ms/dotnet-support-policy [D:\Github\Erp-For-Factory-Games\CaptainOfIndustry\src\Application\ErpForFactoryGames.CaptainOfIndustry.Application\ErpForFactoryGames.CaptainOfIndustry.Application.csproj]
D | Compile              |   ErpForFactoryGames.CaptainOfIndustry.Domain -> D:\Github\Erp-For-Factory-Games\CaptainOfIndustry\src\Domain\ErpForFactoryGames.CaptainOfIndustry.Domain\bin\Release\net10.0\ErpForFactoryGames.CaptainOfIndustry.Domain.dll
D | Compile              |   ErpForFactoryGames.CaptainOfIndustry.Domain.Tests -> D:\Github\Erp-For-Factory-Games\CaptainOfIndustry\test\Domain\ErpForFactoryGames.CaptainOfIndustry.Domain.Tests\bin\Release\net10.0\ErpForFactoryGames.CaptainOfIndustry.Domain.Tests.dll
D | Compile              |   ErpForFactoryGames.CaptainOfIndustry.Application -> D:\Github\Erp-For-Factory-Games\CaptainOfIndustry\src\Application\ErpForFactoryGames.CaptainOfIndustry.Application\bin\Release\net10.0\ErpForFactoryGames.CaptainOfIndustry.Application.dll
D | Compile              |   ErpForFactoryGames.CaptainOfIndustry.Application.Tests -> D:\Github\Erp-For-Factory-Games\CaptainOfIndustry\test\Application\ErpForFactoryGames.CaptainOfIndustry.Application.Tests\bin\Release\net10.0\ErpForFactoryGames.CaptainOfIndustry.Application.Tests.dll
D | Compile              |   ErpForFactoryGames.CaptainOfIndustry.Infrastructure -> D:\Github\Erp-For-Factory-Games\CaptainOfIndustry\src\Infrastructure\ErpForFactoryGames.CaptainOfIndustry.Infrastructure\bin\Release\net10.0\ErpForFactoryGames.CaptainOfIndustry.Infrastructure.dll
D | Compile              |   ErpForFactoryGames.CaptainOfIndustry.Infrastructure.Tests -> D:\Github\Erp-For-Factory-Games\CaptainOfIndustry\test\Infrastructure\ErpForFactoryGames.CaptainOfIndustry.Infrastructure.Tests\bin\Release\net10.0\ErpForFactoryGames.CaptainOfIndustry.Infrastructure.Tests.dll
D | Compile              |   ErpForFactoryGames.CaptainOfIndustry.Presentation.Cli -> D:\Github\Erp-For-Factory-Games\CaptainOfIndustry\src\Presentation\ErpForFactoryGames.CaptainOfIndustry.Presentation.Cli\bin\Release\net10.0\ErpForFactoryGames.CaptainOfIndustry.Presentation.Cli.dll
D | Compile              | 
D | Compile              | Build succeeded.
D | Compile              |     0 Warning(s)
D | Compile              |     0 Error(s)
D | Compile              | 
D | Compile              | Time Elapsed 00:00:08.98
V | Compile              | EventInvoker.OnTargetSucceeded (-3.4028235E+38)
V | Test                 | EventInvoker.OnTargetRunning (-3.4028235E+38)
I | Test                 | > "C:\Program Files\dotnet\dotnet.exe" test D:\Github\Erp-For-Factory-Games\CaptainOfIndustry\CaptainOfIndustry.slnx --configuration Release --no-build --no-restore
V | Test                 | @ D:\Github\Erp-For-Factory-Games\CaptainOfIndustry
D | Test                 | Test run for D:\Github\Erp-For-Factory-Games\CaptainOfIndustry\test\Application\ErpForFactoryGames.CaptainOfIndustry.Application.Tests\bin\Release\net10.0\ErpForFactoryGames.CaptainOfIndustry.Application.Tests.dll (.NETCoreApp,Version=v10.0)
D | Test                 | Test run for D:\Github\Erp-For-Factory-Games\CaptainOfIndustry\test\Infrastructure\ErpForFactoryGames.CaptainOfIndustry.Infrastructure.Tests\bin\Release\net10.0\ErpForFactoryGames.CaptainOfIndustry.Infrastructure.Tests.dll (.NETCoreApp,Version=v10.0)
D | Test                 | Test run for D:\Github\Erp-For-Factory-Games\CaptainOfIndustry\test\Domain\ErpForFactoryGames.CaptainOfIndustry.Domain.Tests\bin\Release\net10.0\ErpForFactoryGames.CaptainOfIndustry.Domain.Tests.dll (.NETCoreApp,Version=v10.0)
D | Test                 | A total of 1 test files matched the specified pattern.
D | Test                 | A total of 1 test files matched the specified pattern.
D | Test                 | A total of 1 test files matched the specified pattern.
D | Test                 | 
D | Test                 | Passed!  - Failed:     0, Passed:    10, Skipped:     0, Total:    10, Duration: 221 ms - ErpForFactoryGames.CaptainOfIndustry.Application.Tests.dll (net10.0)
D | Test                 | 
D | Test                 | Passed!  - Failed:     0, Passed:    10, Skipped:     0, Total:    10, Duration: 281 ms - ErpForFactoryGames.CaptainOfIndustry.Domain.Tests.dll (net10.0)
D | Test                 | 
D | Test                 | Passed!  - Failed:     0, Passed:    12, Skipped:     0, Total:    12, Duration: 3 s - ErpForFactoryGames.CaptainOfIndustry.Infrastructure.Tests.dll (net10.0)
V | Test                 | EventInvoker.OnTargetSucceeded (-3.4028235E+38)
V |                      | UpdateNotification.OnBuildFinished (10)
V |                      | SerializeBuildServerState.OnBuildFinished (0)
V |                      | EventInvoker.OnBuildFinished (-3.4028235E+38)
